[debug] [2026-08-06T08:16:17.679Z] ----------------------------------------------------------------------
[debug] [2026-08-06T08:16:17.682Z] Command:       C:\Program Files\nodejs\node.exe C:\Users\HP\AppData\Roaming\npm\node_modules\firebase-tools\lib\bin\firebase.js apps:sdkconfig web portfolio-cms --project portfolio-71fe0 --json
[debug] [2026-08-06T08:16:17.682Z] CLI Version:   15.26.0
[debug] [2026-08-06T08:16:17.682Z] Platform:      win32
[debug] [2026-08-06T08:16:17.682Z] Node Version:  v24.14.1
[debug] [2026-08-06T08:16:17.683Z] Detected Agent: antigravity
[debug] [2026-08-06T08:16:17.683Z] Time:          Thu Aug 06 2026 13:16:17 GMT+0500 (Pakistan Standard Time)
[debug] [2026-08-06T08:16:17.683Z] ----------------------------------------------------------------------
[debug] 
[debug] [2026-08-06T08:16:17.919Z] > command requires scopes: ["email","openid","https://www.googleapis.com/auth/cloudplatformprojects.readonly","https://www.googleapis.com/auth/firebase","https://www.googleapis.com/auth/cloud-platform"]
[debug] [2026-08-06T08:16:17.919Z] > authorizing via signed-in user (kansanrace@gmail.com)
[debug] [2026-08-06T08:16:17.936Z] Checked if tokens are valid: true, expires at: 1786007563369
[debug] [2026-08-06T08:16:17.937Z] Checked if tokens are valid: true, expires at: 1786007563369
[debug] [2026-08-06T08:16:17.938Z] >>> [apiv2][query] GET https://firebase.googleapis.com/v1beta1/projects/-/webApps/portfolio-cms/config [none]
[debug] [2026-08-06T08:16:18.330Z] <<< [apiv2][status] GET https://firebase.googleapis.com/v1beta1/projects/-/webApps/portfolio-cms/config 400
[debug] [2026-08-06T08:16:18.330Z] <<< [apiv2][body] GET https://firebase.googleapis.com/v1beta1/projects/-/webApps/portfolio-cms/config {"error":{"code":400,"message":"Request contains an invalid argument.","status":"INVALID_ARGUMENT"}}
[debug] [2026-08-06T08:16:18.331Z] Request to https://firebase.googleapis.com/v1beta1/projects/-/webApps/portfolio-cms/config had HTTP Error: 400, Request contains an invalid argument.
[debug] [2026-08-06T08:16:18.669Z] FirebaseError: Request to https://firebase.googleapis.com/v1beta1/projects/-/webApps/portfolio-cms/config had HTTP Error: 400, Request contains an invalid argument.
    at responseToError (C:\Users\HP\AppData\Roaming\npm\node_modules\firebase-tools\lib\responseToError.js:53:12)
    at RetryOperation._fn (C:\Users\HP\AppData\Roaming\npm\node_modules\firebase-tools\lib\apiv2.js:415:77)
    at process.processTicksAndRejections (node:internal/process/task_queues:104:5)
[error] 
[error] Error: Failed to get WEB app configuration. See firebase-debug.log for more info.
